// Vitest Snapshot v1, https://vitest.dev/guide/snapshot.html

exports[`Gameboard component > renders scoreboard and game tiles 1`] = `
<div>
  <div
    class="text-sand-beige-dark w-full max-w-4xl md:border-3 md:px-10 md:pt-5 md:pb-8 md:bg-white/40 md:border-sand-beige md:rounded-3xl"
  >
    <div
      class="text-sand-beige md:text-lg grid grid-cols-2 font-extrabold"
    >
      <h2
        class="text-center"
      >
        High Score: 
        0
      </h2>
      <h2
        class="text-center"
      >
        Score: 
        0
      </h2>
    </div>
    <ul
      class="mt-5 grid w-full grid-cols-2 gap-3 md:gap-4 sm:grid-cols-3"
    >
      <li>
        GameTile!
      </li>
      <li>
        GameTile!
      </li>
      <li>
        GameTile!
      </li>
    </ul>
  </div>
  <dialog>
    I win!
  </dialog>
  <dialog>
    I Lose!
  </dialog>
</div>
`;
