// Vitest Snapshot v1, https://vitest.dev/guide/snapshot.html

exports[`Win Modal component > Renders encouraging message and play again button 1`] = `
<div>
  <dialog>
    <p>
      wowza you have such great memory!
    </p>
    <div
      class="mt-3 grid w-full grid-cols-2 justify-center gap-5"
    >
      <button
        class="border-blooming-dahlia bg-blooming-dahlia/40 rounded-md border-2 px-5 py-0.5"
      >
        Close
      </button>
      <button
        class="border-sand-beige-dark bg-sand-beige/40 rounded-md border-2 px-5 py-0.5"
      >
        Play again
      </button>
    </div>
  </dialog>
</div>
`;
